{ stable: 'program---program:program---program:program:class_declaration---program:program:class_declaration---program:program:class_declaration---program:program:class_declaration---program:program:class_declaration---program:program:class_declaration---program:program:class_declaration---program:program:class_declaration:method_declaration---program:program:class_declaration:method_declaration:visibility_modifier---program:program:class_declaration:method_declaration:visibility_modifier---program:program:class_declaration:method_declaration---program:program:class_declaration:method_declaration---program:program:class_declaration:method_declaration:static_modifier---program:program:class_declaration:method_declaration:static_modifier---program:program:class_declaration:method_declaration---program:program:class_declaration:method_declaration---program:program:class_declaration:method_declaration:function_definition---program:program:class_declaration:method_declaration:function_definition---program:program:class_declaration:method_declaration:function_definition---program:program:class_declaration:method_declaration:function_definition---program:program:class_declaration:method_declaration:function_definition---program:program:class_declaration:method_declaration:function_definition:formal_parameters---program:program:class_declaration:method_declaration:function_definition:formal_parameters---program:program:class_declaration:method_declaration:function_definition:formal_parameters---program:program:class_declaration:method_declaration:function_definition:formal_parameters---program:program:class_declaration:method_declaration:function_definition---program:program:class_declaration:method_declaration:function_definition---program:program:class_declaration:method_declaration:function_definition:compound_statement---program:program:class_declaration:method_declaration:function_definition:compound_statement---program:program:class_declaration:method_declaration:function_definition:compound_statement---program:program:class_declaration:method_declaration:function_definition:compound_statement---program:program:class_declaration:method_declaration:function_definition---program:program:class_declaration:method_declaration---program:program:class_declaration---program:program:class_declaration---program:program:class_declaration:constructor_declaration---program:program:class_declaration:constructor_declaration:visibility_modifier---program:program:class_declaration:constructor_declaration:visibility_modifier---program:program:class_declaration:constructor_declaration---program:program:class_declaration:constructor_declaration---program:program:class_declaration:constructor_declaration---program:program:class_declaration:constructor_declaration---program:program:class_declaration:constructor_declaration---program:program:class_declaration:constructor_declaration---program:program:class_declaration:constructor_declaration:formal_parameters---program:program:class_declaration:constructor_declaration:formal_parameters---program:program:class_declaration:constructor_declaration:formal_parameters---program:program:class_declaration:constructor_declaration:formal_parameters---program:program:class_declaration:constructor_declaration---program:program:class_declaration:constructor_declaration---program:program:class_declaration:constructor_declaration:compound_statement---program:program:class_declaration:constructor_declaration:compound_statement---program:program:class_declaration:constructor_declaration:compound_statement---program:program:class_declaration:constructor_declaration:compound_statement:expression_statement---program:program:class_declaration:constructor_declaration:compound_statement:expression_statement:scoped_call_expression---program:program:class_declaration:constructor_declaration:compound_statement:expression_statement:scoped_call_expression:relative_scope---program:program:class_declaration:constructor_declaration:compound_statement:expression_statement:scoped_call_expression:relative_scope---program:program:class_declaration:constructor_declaration:compound_statement:expression_statement:scoped_call_expression---program:program:class_declaration:constructor_declaration:compound_statement:expression_statement:scoped_call_expression---program:program:class_declaration:constructor_declaration:compound_statement:expression_statement:scoped_call_expression---program:program:class_declaration:constructor_declaration:compound_statement:expression_statement:scoped_call_expression---program:program:class_declaration:constructor_declaration:compound_statement:expression_statement:scoped_call_expression---program:program:class_declaration:constructor_declaration:compound_statement:expression_statement:scoped_call_expression---program:program:class_declaration:constructor_declaration:compound_statement:expression_statement:scoped_call_expression:arguments---program:program:class_declaration:constructor_declaration:compound_statement:expression_statement:scoped_call_expression:arguments---program:program:class_declaration:constructor_declaration:compound_statement:expression_statement:scoped_call_expression:arguments---program:program:class_declaration:constructor_declaration:compound_statement:expression_statement:scoped_call_expression:arguments---program:program:class_declaration:constructor_declaration:compound_statement:expression_statement:scoped_call_expression---program:program:class_declaration:constructor_declaration:compound_statement:expression_statement---program:program:class_declaration:constructor_declaration:compound_statement:expression_statement---program:program:class_declaration:constructor_declaration:compound_statement:expression_statement---program:program:class_declaration:constructor_declaration:compound_statement---program:program:class_declaration:constructor_declaration:compound_statement---program:program:class_declaration:constructor_declaration:compound_statement:expression_statement---program:program:class_declaration:constructor_declaration:compound_statement:expression_statement:member_call_expression---program:program:class_declaration:constructor_declaration:compound_statement:expression_statement:member_call_expression:dereferencable_expression---program:program:class_declaration:constructor_declaration:compound_statement:expression_statement:member_call_expression:dereferencable_expression:variable_name---program:program:class_declaration:constructor_declaration:compound_statement:expression_statement:member_call_expression:dereferencable_expression:variable_name---program:program:class_declaration:constructor_declaration:compound_statement:expression_statement:member_call_expression:dereferencable_expression:variable_name---program:program:class_declaration:constructor_declaration:compound_statement:expression_statement:member_call_expression:dereferencable_expression:variable_name---program:program:class_declaration:constructor_declaration:compound_statement:expression_statement:member_call_expression:dereferencable_expression---program:program:class_declaration:constructor_declaration:compound_statement:expression_statement:member_call_expression---program:program:class_declaration:constructor_declaration:compound_statement:expression_statement:member_call_expression---program:program:class_declaration:constructor_declaration:compound_statement:expression_statement:member_call_expression---program:program:class_declaration:constructor_declaration:compound_statement:expression_statement:member_call_expression---program:program:class_declaration:constructor_declaration:compound_statement:expression_statement:member_call_expression---program:program:class_declaration:constructor_declaration:compound_statement:expression_statement:member_call_expression---program:program:class_declaration:constructor_declaration:compound_statement:expression_statement:member_call_expression:arguments---program:program:class_declaration:constructor_declaration:compound_statement:expression_statement:member_call_expression:arguments---program:program:class_declaration:constructor_declaration:compound_statement:expression_statement:member_call_expression:arguments---program:program:class_declaration:constructor_declaration:compound_statement:expression_statement:member_call_expression:arguments---program:program:class_declaration:constructor_declaration:compound_statement:expression_statement:member_call_expression---program:program:class_declaration:constructor_declaration:compound_statement:expression_statement---program:program:class_declaration:constructor_declaration:compound_statement:expression_statement---program:program:class_declaration:constructor_declaration:compound_statement:expression_statement---program:program:class_declaration:constructor_declaration:compound_statement---program:program:class_declaration:constructor_declaration:compound_statement---program:program:class_declaration:constructor_declaration:compound_statement---program:program:class_declaration:constructor_declaration---program:program:class_declaration---program:program:class_declaration---program:program:class_declaration---program:program---program:program---program:program:expression_statement---program:program:expression_statement:function_call_expression---program:program:expression_statement:function_call_expression:qualified_name---program:program:expression_statement:function_call_expression:qualified_name---program:program:expression_statement:function_call_expression---program:program:expression_statement:function_call_expression---program:program:expression_statement:function_call_expression:arguments---program:program:expression_statement:function_call_expression:arguments---program:program:expression_statement:function_call_expression:arguments---program:program:expression_statement:function_call_expression:arguments---program:program:expression_statement:function_call_expression:arguments---program:program:expression_statement:function_call_expression:arguments---program:program:expression_statement:function_call_expression:arguments---program:program:expression_statement:function_call_expression:arguments---program:program:expression_statement:function_call_expression:arguments---program:program:expression_statement:function_call_expression:arguments---program:program:expression_statement:function_call_expression---program:program:expression_statement---program:program:expression_statement---program:program:expression_statement---program:program---program:program---program:program:class_declaration---program:program:class_declaration---program:program:class_declaration---program:program:class_declaration---program:program:class_declaration---program:program:class_declaration---program:program:class_declaration---program:program:class_declaration:method_declaration---program:program:class_declaration:method_declaration:visibility_modifier---program:program:class_declaration:method_declaration:visibility_modifier---program:program:class_declaration:method_declaration---program:program:class_declaration:method_declaration---program:program:class_declaration:method_declaration:static_modifier---program:program:class_declaration:method_declaration:static_modifier---program:program:class_declaration:method_declaration---program:program:class_declaration:method_declaration---program:program:class_declaration:method_declaration:function_definition---program:program:class_declaration:method_declaration:function_definition---program:program:class_declaration:method_declaration:function_definition---program:program:class_declaration:method_declaration:function_definition---program:program:class_declaration:method_declaration:function_definition---program:program:class_declaration:method_declaration:function_definition:formal_parameters---program:program:class_declaration:method_declaration:function_definition:formal_parameters---program:program:class_declaration:method_declaration:function_definition:formal_parameters---program:program:class_declaration:method_declaration:function_definition:formal_parameters---program:program:class_declaration:method_declaration:function_definition---program:program:class_declaration:method_declaration:function_definition---program:program:class_declaration:method_declaration:function_definition:compound_statement---program:program:class_declaration:method_declaration:function_definition:compound_statement---program:program:class_declaration:method_declaration:function_definition:compound_statement---program:program:class_declaration:method_declaration:function_definition:compound_statement---program:program:class_declaration:method_declaration:function_definition---program:program:class_declaration:method_declaration---program:program:class_declaration---program:program:class_declaration---program:program:class_declaration:constructor_declaration---program:program:class_declaration:constructor_declaration:visibility_modifier---program:program:class_declaration:constructor_declaration:visibility_modifier---program:program:class_declaration:constructor_declaration---program:program:class_declaration:constructor_declaration---program:program:class_declaration:constructor_declaration---program:program:class_declaration:constructor_declaration---program:program:class_declaration:constructor_declaration---program:program:class_declaration:constructor_declaration---program:program:class_declaration:constructor_declaration:formal_parameters---program:program:class_declaration:constructor_declaration:formal_parameters---program:program:class_declaration:constructor_declaration:formal_parameters---program:program:class_declaration:constructor_declaration:formal_parameters---program:program:class_declaration:constructor_declaration---program:program:class_declaration:constructor_declaration---program:program:class_declaration:constructor_declaration:compound_statement---program:program:class_declaration:constructor_declaration:compound_statement---program:program:class_declaration:constructor_declaration:compound_statement---program:program:class_declaration:constructor_declaration:compound_statement:expression_statement---program:program:class_declaration:constructor_declaration:compound_statement:expression_statement:scoped_call_expression---program:program:class_declaration:constructor_declaration:compound_statement:expression_statement:scoped_call_expression:relative_scope---program:program:class_declaration:constructor_declaration:compound_statement:expression_statement:scoped_call_expression:relative_scope---program:program:class_declaration:constructor_declaration:compound_statement:expression_statement:scoped_call_expression---program:program:class_declaration:constructor_declaration:compound_statement:expression_statement:scoped_call_expression---program:program:class_declaration:constructor_declaration:compound_statement:expression_statement:scoped_call_expression---program:program:class_declaration:constructor_declaration:compound_statement:expression_statement:scoped_call_expression---program:program:class_declaration:constructor_declaration:compound_statement:expression_statement:scoped_call_expression---program:program:class_declaration:constructor_declaration:compound_statement:expression_statement:scoped_call_expression---program:program:class_declaration:constructor_declaration:compound_statement:expression_statement:scoped_call_expression:arguments---program:program:class_declaration:constructor_declaration:compound_statement:expression_statement:scoped_call_expression:arguments---program:program:class_declaration:constructor_declaration:compound_statement:expression_statement:scoped_call_expression:arguments---program:program:class_declaration:constructor_declaration:compound_statement:expression_statement:scoped_call_expression:arguments---program:program:class_declaration:constructor_declaration:compound_statement:expression_statement:scoped_call_expression---program:program:class_declaration:constructor_declaration:compound_statement:expression_statement---program:program:class_declaration:constructor_declaration:compound_statement:expression_statement---program:program:class_declaration:constructor_declaration:compound_statement:expression_statement---program:program:class_declaration:constructor_declaration:compound_statement---program:program:class_declaration:constructor_declaration:compound_statement---program:program:class_declaration:constructor_declaration:compound_statement:expression_statement---program:program:class_declaration:constructor_declaration:compound_statement:expression_statement:member_call_expression---program:program:class_declaration:constructor_declaration:compound_statement:expression_statement:member_call_expression:dereferencable_expression---program:program:class_declaration:constructor_declaration:compound_statement:expression_statement:member_call_expression:dereferencable_expression:variable_name---program:program:class_declaration:constructor_declaration:compound_statement:expression_statement:member_call_expression:dereferencable_expression:variable_name---program:program:class_declaration:constructor_declaration:compound_statement:expression_statement:member_call_expression:dereferencable_expression:variable_name---program:program:class_declaration:constructor_declaration:compound_statement:expression_statement:member_call_expression:dereferencable_expression:variable_name---program:program:class_declaration:constructor_declaration:compound_statement:expression_statement:member_call_expression:dereferencable_expression---program:program:class_declaration:constructor_declaration:compound_statement:expression_statement:member_call_expression---program:program:class_declaration:constructor_declaration:compound_statement:expression_statement:member_call_expression---program:program:class_declaration:constructor_declaration:compound_statement:expression_statement:member_call_expression---program:program:class_declaration:constructor_declaration:compound_statement:expression_statement:member_call_expression---program:program:class_declaration:constructor_declaration:compound_statement:expression_statement:member_call_expression---program:program:class_declaration:constructor_declaration:compound_statement:expression_statement:member_call_expression---program:program:class_declaration:constructor_declaration:compound_statement:expression_statement:member_call_expression:arguments---program:program:class_declaration:constructor_declaration:compound_statement:expression_statement:member_call_expression:arguments---program:program:class_declaration:constructor_declaration:compound_statement:expression_statement:member_call_expression:arguments---program:program:class_declaration:constructor_declaration:compound_statement:expression_statement:member_call_expression:arguments---program:program:class_declaration:constructor_declaration:compound_statement:expression_statement:member_call_expression---program:program:class_declaration:constructor_declaration:compound_statement:expression_statement---program:program:class_declaration:constructor_declaration:compound_statement:expression_statement---program:program:class_declaration:constructor_declaration:compound_statement:expression_statement---program:program:class_declaration:constructor_declaration:compound_statement---program:program:class_declaration:constructor_declaration:compound_statement---program:program:class_declaration:constructor_declaration:compound_statement---program:program:class_declaration:constructor_declaration---program:program:class_declaration---program:program:class_declaration---program:program:class_declaration---program:program---program---',
  experimental: '------program---program---program---program---program---program---program---program:class_declaration---program:class_declaration:method_declaration---program:class_declaration:method_declaration---program:class_declaration---program:class_declaration---program:class_declaration:method_declaration---program:class_declaration:method_declaration---program:class_declaration---program:class_declaration---program:class_declaration:method_declaration---program:class_declaration:method_declaration---program:class_declaration:method_declaration---program:class_declaration:method_declaration---program:class_declaration:method_declaration---program:class_declaration:method_declaration:function_definition---program:class_declaration:method_declaration:function_definition---program:class_declaration:method_declaration:function_definition---program:class_declaration:method_declaration:function_definition---program:class_declaration:method_declaration---program:class_declaration:method_declaration---program:class_declaration:method_declaration:function_definition---program:class_declaration:method_declaration:function_definition---program:class_declaration:method_declaration:function_definition---program:class_declaration:method_declaration:function_definition---program:class_declaration:method_declaration---program:class_declaration---program---program---program:class_declaration---program:class_declaration:constructor_declaration---program:class_declaration:constructor_declaration---program:class_declaration---program:class_declaration---program:class_declaration---program:class_declaration---program:class_declaration---program:class_declaration---program:class_declaration:constructor_declaration---program:class_declaration:constructor_declaration---program:class_declaration:constructor_declaration---program:class_declaration:constructor_declaration---program:class_declaration---program:class_declaration---program:class_declaration:constructor_declaration---program:class_declaration:constructor_declaration---program:class_declaration:constructor_declaration---program:class_declaration:constructor_declaration:compound_statement---program:class_declaration:constructor_declaration:compound_statement:expression_statement---program:class_declaration:constructor_declaration:compound_statement:expression_statement:scoped_call_expression---program:class_declaration:constructor_declaration:compound_statement:expression_statement:scoped_call_expression---program:class_declaration:constructor_declaration:compound_statement:expression_statement---program:class_declaration:constructor_declaration:compound_statement:expression_statement---program:class_declaration:constructor_declaration:compound_statement:expression_statement---program:class_declaration:constructor_declaration:compound_statement:expression_statement---program:class_declaration:constructor_declaration:compound_statement:expression_statement---program:class_declaration:constructor_declaration:compound_statement:expression_statement---program:class_declaration:constructor_declaration:compound_statement:expression_statement:scoped_call_expression---program:class_declaration:constructor_declaration:compound_statement:expression_statement:scoped_call_expression---program:class_declaration:constructor_declaration:compound_statement:expression_statement:scoped_call_expression---program:class_declaration:constructor_declaration:compound_statement:expression_statement:scoped_call_expression---program:class_declaration:constructor_declaration:compound_statement:expression_statement---program:class_declaration:constructor_declaration:compound_statement---program:class_declaration:constructor_declaration:compound_statement---program:class_declaration:constructor_declaration:compound_statement---program:class_declaration:constructor_declaration---program:class_declaration:constructor_declaration---program:class_declaration:constructor_declaration:compound_statement---program:class_declaration:constructor_declaration:compound_statement:expression_statement---program:class_declaration:constructor_declaration:compound_statement:expression_statement:member_call_expression---program:class_declaration:constructor_declaration:compound_statement:expression_statement:member_call_expression:dereferencable_expression---program:class_declaration:constructor_declaration:compound_statement:expression_statement:member_call_expression:dereferencable_expression---program:class_declaration:constructor_declaration:compound_statement:expression_statement:member_call_expression:dereferencable_expression---program:class_declaration:constructor_declaration:compound_statement:expression_statement:member_call_expression:dereferencable_expression---program:class_declaration:constructor_declaration:compound_statement:expression_statement:member_call_expression---program:class_declaration:constructor_declaration:compound_statement:expression_statement---program:class_declaration:constructor_declaration:compound_statement:expression_statement---program:class_declaration:constructor_declaration:compound_statement:expression_statement---program:class_declaration:constructor_declaration:compound_statement:expression_statement---program:class_declaration:constructor_declaration:compound_statement:expression_statement---program:class_declaration:constructor_declaration:compound_statement:expression_statement---program:class_declaration:constructor_declaration:compound_statement:expression_statement:member_call_expression---program:class_declaration:constructor_declaration:compound_statement:expression_statement:member_call_expression---program:class_declaration:constructor_declaration:compound_statement:expression_statement:member_call_expression---program:class_declaration:constructor_declaration:compound_statement:expression_statement:member_call_expression---program:class_declaration:constructor_declaration:compound_statement:expression_statement---program:class_declaration:constructor_declaration:compound_statement---program:class_declaration:constructor_declaration:compound_statement---program:class_declaration:constructor_declaration:compound_statement---program:class_declaration:constructor_declaration---program:class_declaration:constructor_declaration---program:class_declaration:constructor_declaration---program:class_declaration---program---program---program---------program---program:expression_statement---program:expression_statement:function_call_expression---program:expression_statement:function_call_expression---program:expression_statement---program:expression_statement---program:expression_statement:function_call_expression---program:expression_statement:function_call_expression---program:expression_statement:function_call_expression---program:expression_statement:function_call_expression---program:expression_statement:function_call_expression---program:expression_statement:function_call_expression---program:expression_statement:function_call_expression---program:expression_statement:function_call_expression---program:expression_statement:function_call_expression---program:expression_statement:function_call_expression---program:expression_statement---program---program---program---------program---program---program---program---program---program---program---program:class_declaration---program:class_declaration:method_declaration---program:class_declaration:method_declaration---program:class_declaration---program:class_declaration---program:class_declaration:method_declaration---program:class_declaration:method_declaration---program:class_declaration---program:class_declaration---program:class_declaration:method_declaration---program:class_declaration:method_declaration---program:class_declaration:method_declaration---program:class_declaration:method_declaration---program:class_declaration:method_declaration---program:class_declaration:method_declaration:function_definition---program:class_declaration:method_declaration:function_definition---program:class_declaration:method_declaration:function_definition---program:class_declaration:method_declaration:function_definition---program:class_declaration:method_declaration---program:class_declaration:method_declaration---program:class_declaration:method_declaration:function_definition---program:class_declaration:method_declaration:function_definition---program:class_declaration:method_declaration:function_definition---program:class_declaration:method_declaration:function_definition---program:class_declaration:method_declaration---program:class_declaration---program---program---program:class_declaration---program:class_declaration:constructor_declaration---program:class_declaration:constructor_declaration---program:class_declaration---program:class_declaration---program:class_declaration---program:class_declaration---program:class_declaration---program:class_declaration---program:class_declaration:constructor_declaration---program:class_declaration:constructor_declaration---program:class_declaration:constructor_declaration---program:class_declaration:constructor_declaration---program:class_declaration---program:class_declaration---program:class_declaration:constructor_declaration---program:class_declaration:constructor_declaration---program:class_declaration:constructor_declaration---program:class_declaration:constructor_declaration:compound_statement---program:class_declaration:constructor_declaration:compound_statement:expression_statement---program:class_declaration:constructor_declaration:compound_statement:expression_statement:scoped_call_expression---program:class_declaration:constructor_declaration:compound_statement:expression_statement:scoped_call_expression---program:class_declaration:constructor_declaration:compound_statement:expression_statement---program:class_declaration:constructor_declaration:compound_statement:expression_statement---program:class_declaration:constructor_declaration:compound_statement:expression_statement---program:class_declaration:constructor_declaration:compound_statement:expression_statement---program:class_declaration:constructor_declaration:compound_statement:expression_statement---program:class_declaration:constructor_declaration:compound_statement:expression_statement---program:class_declaration:constructor_declaration:compound_statement:expression_statement:scoped_call_expression---program:class_declaration:constructor_declaration:compound_statement:expression_statement:scoped_call_expression---program:class_declaration:constructor_declaration:compound_statement:expression_statement:scoped_call_expression---program:class_declaration:constructor_declaration:compound_statement:expression_statement:scoped_call_expression---program:class_declaration:constructor_declaration:compound_statement:expression_statement---program:class_declaration:constructor_declaration:compound_statement---program:class_declaration:constructor_declaration:compound_statement---program:class_declaration:constructor_declaration:compound_statement---program:class_declaration:constructor_declaration---program:class_declaration:constructor_declaration---program:class_declaration:constructor_declaration:compound_statement---program:class_declaration:constructor_declaration:compound_statement:expression_statement---program:class_declaration:constructor_declaration:compound_statement:expression_statement:member_call_expression---program:class_declaration:constructor_declaration:compound_statement:expression_statement:member_call_expression:dereferencable_expression---program:class_declaration:constructor_declaration:compound_statement:expression_statement:member_call_expression:dereferencable_expression---program:class_declaration:constructor_declaration:compound_statement:expression_statement:member_call_expression:dereferencable_expression---program:class_declaration:constructor_declaration:compound_statement:expression_statement:member_call_expression:dereferencable_expression---program:class_declaration:constructor_declaration:compound_statement:expression_statement:member_call_expression---program:class_declaration:constructor_declaration:compound_statement:expression_statement---program:class_declaration:constructor_declaration:compound_statement:expression_statement---program:class_declaration:constructor_declaration:compound_statement:expression_statement---program:class_declaration:constructor_declaration:compound_statement:expression_statement---program:class_declaration:constructor_declaration:compound_statement:expression_statement---program:class_declaration:constructor_declaration:compound_statement:expression_statement---program:class_declaration:constructor_declaration:compound_statement:expression_statement:member_call_expression---program:class_declaration:constructor_declaration:compound_statement:expression_statement:member_call_expression---program:class_declaration:constructor_declaration:compound_statement:expression_statement:member_call_expression---program:class_declaration:constructor_declaration:compound_statement:expression_statement:member_call_expression---program:class_declaration:constructor_declaration:compound_statement:expression_statement---program:class_declaration:constructor_declaration:compound_statement---program:class_declaration:constructor_declaration:compound_statement---program:class_declaration:constructor_declaration:compound_statement---program:class_declaration:constructor_declaration---program:class_declaration:constructor_declaration---program:class_declaration:constructor_declaration---program:class_declaration---program---program---program---------' }
Passing: 1
Failing: 0
Spine passing: 0
Spine failing: 1
